// Jest Snapshot v1, https://goo.gl/fbAQLP

exports[`Button takes a snapshot 1`] = `
<DocumentFragment>
  <button
    class="button-style"
    data-testid="button-toggle"
    type="button"
  >
    Click me now!
  </button>
  <p
    data-testid="click-me"
  >
    Click me!
  </p>
</DocumentFragment>
`;
